{
  "root": "n1",
  "nodes": [
    { "id": "n1", "rule": "Id", "premises": [] }
  ]
}
